***** External Functions *****
1    AddFontRegistrationToLog                           isrt.obl(Misc.obs)
2    AppSearch                                          isrt.obl(Driver.obs)
3    CCPSearch                                          isrt.obl(Driver.obs)
4    ChangeDirectory                                    isrt.obl(Files.obs)
5    CloseFile                                          isrt.obl(Files.obs)
6    CmdGetHwndDlg                                      isrt.obl(CustomDialog.obs)
7    ComponentAddFileToLog                              isrt.obl(component.obs)
8    ComponentCompareSizeRequired                       isrt.obl(component.obs)
9    ComponentGetData                                   isrt.obl(component.obs)
10   ComponentGetTotalCost                              isrt.obl(component.obs)
11   ComponentIsItemSelected                            isrt.obl(component.obs)
12   ComponentListItems                                 isrt.obl(component.obs)
13   ComponentSelectItem                                isrt.obl(component.obs)
14   ComponentTreeInit                                  isrt.obl(Dialogs.obs)
15   CreateDir                                          isrt.obl(Files.obs)
16   CreateFile                                         isrt.obl(Files.obs)
17   CreateInstallationInfo                             isrt.obl(Registry.obs)
18   CreateRegistrySet                                  isrt.obl(Feature.obs)
19   CtrlGetNotificationCode                            isrt.obl(CustomDialog.obs)
20   CtrlGetState                                       isrt.obl(CustomDialog.obs)
21   CtrlGetText                                        isrt.obl(CustomDialog.obs)
22   CtrlSelectText                                     isrt.obl(CustomDialog.obs)
23   CtrlSetState                                       isrt.obl(CustomDialog.obs)
24   CtrlSetText                                        isrt.obl(CustomDialog.obs)
25   DIFxDriverPackageUninstall                         isrt.obl(ISDIFx.obs)
26   DRMINSTALLERPRO.DRMInstallPRO                      isrt.obl(Activation.obs)
27   DRMINSTALLERPRO.DRMUnInstallPRO                    isrt.obl(Activation.obs)
28   DefineDialog                                       isrt.obl(CustomDialog.obs)
29   Delay                                              isrt.obl(Misc.obs)
30   DeleteFile                                         isrt.obl(Files.obs)
31   DeleteSingleFile                                   isrt.obl(Files.obs)
32   DialogSetDefaultFont                               isrt.obl(Dialogs.obs)
33   DialogSetFont                                      isrt.obl(Dialogs.obs)
34   DialogSetInfo                                      isrt.obl(Dialogs.obs)
35   Disable                                            isrt.obl(Enable.obs)
36   DllSizeOf                                          isrt.obl(Str.obs)
37   Do                                                 isrt.obl(Misc.obs)
38   Enable                                             isrt.obl(Enable.obs)
39   EndCurrentDialog                                   isrt.obl(Dialogs.obs)
40   EndDialog                                          isrt.obl(CustomDialog.obs)
41   EnterDisk                                          isrt.obl(EnterDisk.obs)
42   EnterPassword                                      isrt.obl(EnterPasswordDlg.obs)
43   ExistsDir                                          isrt.obl(Files.obs)
44   ExistsDisk                                         isrt.obl(Files.obs)
45   ExitInstall                                        isrt.obl(Driver.obs)
46   EzDefineDialog                                     isrt.obl(CustomDialog.obs)
47   FeatureAddFileToLog                                isrt.obl(Feature.obs)
48   FeatureCompareSizeRequired                         isrt.obl(Feature.obs)
49   FeatureErrorInfo                                   isrt.obl(Feature.obs)
50   FeatureFilterLanguage                              isrt.obl(Feature.obs)
51   FeatureFilterOS                                    isrt.obl(Feature.obs)
52   FeatureGetData                                     isrt.obl(Feature.obs)
53   FeatureGetTotalCost                                isrt.obl(Feature.obs)
54   FeatureIsItemSelected                              isrt.obl(Feature.obs)
55   FeatureListItems                                   isrt.obl(Feature.obs)
56   FeaturePatch                                       isrt.obl(Feature.obs)
57   FeatureReinstall                                   isrt.obl(Feature.obs)
58   FeatureRemoveAllInLogOnly                          isrt.obl(Feature.obs)
59   FeatureRemoveAllInMedia                            isrt.obl(Feature.obs)
60   FeatureRemoveAllInMediaAndLog                      isrt.obl(Feature.obs)
61   FeatureSaveTarget                                  isrt.obl(Feature.obs)
62   FeatureSelectItem                                  isrt.obl(Feature.obs)
63   FeatureSelectNew                                   isrt.obl(Feature.obs)
64   FeatureTransferData                                isrt.obl(Feature.obs)
65   FeatureUpdate                                      isrt.obl(Feature.obs)
66   FeatureValidate                                    isrt.obl(Feature.obs)
67   FinalConstruct                                     ifx.obl(EventsPriv.obs)
68   FinalRelease                                       ifx.obl(EventsPriv.obs)
69   FindFile                                           isrt.obl(Files.obs)
70   FormatMessage                                      isrt.obl(Misc.obs)
71   GDI32.AddFontResource                              Setup.obs
72   GDI32.CreateRectRgn                                Setup.obs
73   GDI32.GetDeviceCaps                                Setup.obs
74   GDI32.RemoveFontResource                           Setup.obs
75   GetAddRemove                                       isrt.obl(SysVars.obs)
76   GetBillboard                                       isrt.obl(SysVars.obs)
77   GetCurrentDialogName                               isrt.obl(Dialogs.obs)
78   GetCurrentDir                                      isrt.obl(Files.obs)
79   GetDialogTitle                                     isrt.obl(Dialogs.obs)
80   GetDir                                             isrt.obl(Str.obs)
81   GetDisk                                            isrt.obl(Str.obs)
82   GetDiskSpace                                       isrt.obl(GSI.obs)
83   GetDiskSpaceEx                                     isrt.obl(GSI.obs)
84   GetEnabledIServices                                isrt.obl(SysVars.obs)
85   GetErrorMsg                                        isrt.obl(Dialogs.obs)
86   GetErrorTitle                                      isrt.obl(Dialogs.obs)
87   GetExtents                                         isrt.obl(GSI.obs)
88   GetFolderApplications                              isrt.obl(SysVars.obs)
89   GetFolderApplications64                            isrt.obl(SysVars.obs)
90   GetFolderDotNet10                                  isrt.obl(SysVars.obs)
91   GetFolderDotNet11                                  isrt.obl(SysVars.obs)
92   GetFolderDotNet20                                  isrt.obl(SysVars.obs)
93   GetFolderFonts                                     isrt.obl(SysVars.obs)
94   GetISRes                                           isrt.obl(SysVars.obs)
95   GetInstallScriptMSI                                isrt.obl(SysVars.obs)
96   GetInstanceGUID                                    isrt.obl(SysVars.obs)
97   GetKeyPathWinCurrVerAuto                           isrt.obl(SysVars.obs)
98   GetLog                                             isrt.obl(SysVars.obs)
99   GetLogEx                                           isrt.obl(SysVars.obs)
100  GetMaintOption                                     isrt.obl(SysVars.obs)
101  GetMaintenance                                     isrt.obl(SysVars.obs)
102  GetMultiInstanceCount                              isrt.obl(SysVars.obs)
103  GetOpenFileMode                                    isrt.obl(Files.obs)
104  GetPackageLocation                                 isrt.obl(SysVars.obs)
105  GetProductGUID                                     isrt.obl(SysVars.obs)
106  GetProfString                                      isrt.obl(Profile.obs)
107  GetProgramFiles                                    isrt.obl(SysVars.obs)
108  GetReinstallMode                                   isrt.obl(SysVars.obs)
109  GetRemoveAllMode                                   isrt.obl(SysVars.obs)
110  GetRemoveOnly                                      isrt.obl(SysVars.obs)
111  GetSelectedLanguage                                isrt.obl(SysVars.obs)
112  GetSelectedTreeComponent                           isrt.obl(CmptView.obs)
113  GetShowPasswordDialog                              isrt.obl(SysVars.obs)
114  GetSupportDir                                      isrt.obl(SysVars.obs)
115  GetSystemInfo                                      isrt.obl(GSI.obs)
116  GetTempFolder                                      isrt.obl(SysVars.obs)
117  GetTrueTypeFontFileInfo                            isrt.obl(Misc.obs)
118  GetUserSelectableAuto                              isrt.obl(SysVars.obs)
119  GetWinDir                                          isrt.obl(SysVars.obs)
120  GetWinSysDir                                       isrt.obl(SysVars.obs)
121  GetWindowHandle                                    isrt.obl(Misc.obs)
122  HIBYTE                                             isrt.obl(Misc.obs)
123  HIWORD                                             isrt.obl(Misc.obs)
124  ISDeterminePlatform                                isrt.obl(OsInfo.obs)
125  ISMIF32.InstallStatusMIF                           isrt.obl(MIF.obs)
126  ISRT.ComponentViewSetInfoEx                        isrt.obl(Dialogs.obs)
127  ISRT.EnableHourGlass                               isrt.obl(Enable.obs)
128  ISRT.GetCPUType                                    isrt.obl(GSI.obs)
129  ISRT.GetFontSub                                    isrt.obl(Dialogs.obs)
130  ISRT.GetHandle                                     Setup.obs
131  ISRT.GetPorts                                      isrt.obl(GSI.obs)
132  ISRT.IsEmpty                                       Setup.obs
133  ISRT.IsNTAdmin                                     isrt.obl(Is.obs)
134  ISRT.IsObject                                      Setup.obs
135  ISRT.IsPowerUser                                   isrt.obl(Is.obs)
136  ISRT.LangLoadString                                isrt.obl(SDINT.obs)
137  ISRT.MessageBeepP                                  Setup.obs
138  ISRT.PathCompactPathPixel                          isrt.obl(CustomDialog.obs)
139  ISRT.PathGetDir                                    isrt.obl(Str.obs)
140  ISRT.PathGetDrive                                  isrt.obl(Str.obs)
141  ISRT.PathGetFile                                   isrt.obl(Files.obs)
142  ISRT.PathGetFileExt                                isrt.obl(Str.obs)
143  ISRT.PathGetFileName                               isrt.obl(Str.obs)
144  ISRT.PathGetPath                                   isrt.obl(Str.obs)
145  ISRT.PathIsValidSyntax                             isrt.obl(Is.obs)
146  ISRT.VerGetFileVersion                             Setup.obs
147  ISRT._AppSearch                                    Setup.obs
148  ISRT._BrowseForFolder                              isrt.obl(SelectDir.obs)
149  ISRT._CCPSearch                                    Setup.obs
150  ISRT._CleanupInet                                  isrt.obl(MIO.obs)
151  ISRT._CloseFile                                    isrt.obl(Files.obs)
152  ISRT._CmdGetHwndDlg                                isrt.obl(CustomDialog.obs)
153  ISRT._ComponentCompareSizeRequired                 isrt.obl(Feature.obs)
154  ISRT._ComponentErrorInfo                           isrt.obl(Feature.obs)
155  ISRT._ComponentFilterLanguage                      isrt.obl(Feature.obs)
156  ISRT._ComponentFilterOS                            isrt.obl(Feature.obs)
157  ISRT._ComponentGetData                             isrt.obl(Feature.obs)
158  ISRT._ComponentGetTotalCost                        isrt.obl(Feature.obs)
159  ISRT._ComponentGetTotalCostEx                      isrt.obl(SdComponentTreeDlg.obs)
160  ISRT._ComponentIsItemSelected                      isrt.obl(Feature.obs)
161  ISRT._ComponentListItems                           isrt.obl(Feature.obs)
162  ISRT._ComponentPatch                               isrt.obl(Feature.obs)
163  ISRT._ComponentReinstall                           isrt.obl(Feature.obs)
164  ISRT._ComponentRemoveAll                           isrt.obl(Feature.obs)
165  ISRT._ComponentRemoveAllInLogOnly                  isrt.obl(Feature.obs)
166  ISRT._ComponentSaveTarget                          isrt.obl(Feature.obs)
167  ISRT._ComponentSelectItem                          isrt.obl(Feature.obs)
168  ISRT._ComponentSelectNew                           isrt.obl(Feature.obs)
169  ISRT._ComponentTransferData                        isrt.obl(Feature.obs)
170  ISRT._ComponentUpdate                              isrt.obl(Feature.obs)
171  ISRT._ComponentValidate                            isrt.obl(Feature.obs)
172  ISRT._CreateDir                                    isrt.obl(Files.obs)
173  ISRT._CreateRegistrySet                            isrt.obl(Feature.obs)
174  ISRT._CtrlGetNotificationCode                      isrt.obl(CustomDialog.obs)
175  ISRT._DIFxDriverPackageUninstall                   isrt.obl(ISDIFx.obs)
176  ISRT._DefineDialog                                 isrt.obl(CustomDialog.obs)
177  ISRT._DialogSetFont                                isrt.obl(Dialogs.obs)
178  ISRT._DisableStatus                                isrt.obl(Enable.obs)
179  ISRT._DoSprintf                                    isrt.obl(MsgBox.obs)
180  ISRT._EnableDialogCache                            isrt.obl(Enable.obs)
181  ISRT._EnablePrevDialog                             isrt.obl(AskDestPathDlg.obs)
182  ISRT._EnableSkins                                  isrt.obl(Enable.obs)
183  ISRT._EnableStatus                                 isrt.obl(Enable.obs)
184  ISRT._EnableWow64FsRedirection                     isrt.obl(Enable.obs)
185  ISRT._EndDialog                                    isrt.obl(CustomDialog.obs)
186  ISRT._ExistsDir                                    isrt.obl(Files.obs)
187  ISRT._ExistsDisk                                   isrt.obl(Files.obs)
188  ISRT._ExistsFile                                   isrt.obl(Files.obs)
189  ISRT._ExitInstall                                  Setup.obs
190  ISRT._GetCurrentDialogName                         isrt.obl(Dialogs.obs)
191  ISRT._GetDiskSpaceEx                               isrt.obl(GSI.obs)
192  ISRT._GetDiskSpaceExEx                             isrt.obl(SdComponentTreeDlg.obs)
193  ISRT._GetGlobalMemorySize                          isrt.obl(GSI.obs)
194  ISRT._GetProcessorInfo                             isrt.obl(OsInfo.obs)
195  ISRT._GetSelectedTreeComponent                     isrt.obl(CmptView.obs)
196  ISRT._GetSupportDir                                isrt.obl(SysVars.obs)
197  ISRT._GetTrueTypeFontFileInfo                      isrt.obl(Misc.obs)
198  ISRT._InetEndofTransfer                            isrt.obl(iftw.obs)
199  ISRT._InetGetNextDisk                              isrt.obl(iftw.obs)
200  ISRT._InitInstall                                  Setup.obs
201  ISRT._IsFontTypefaceNameAvailable                  isrt.obl(Is.obs)
202  ISRT._IsInAdminGroup                               isrt.obl(Is.obs)
203  ISRT._IsSkinLoaded                                 isrt.obl(Is.obs)
204  ISRT._IsWindowsME                                  isrt.obl(GSI.obs)
205  ISRT._IsWow64                                      isrt.obl(OsInfo.obs)
206  ISRT._ListAddItem                                  isrt.obl(scrlist.obs)
207  ISRT._ListAddString                                isrt.obl(scrlist.obs)
208  ISRT._ListCount                                    isrt.obl(scrlist.obs)
209  ISRT._ListCreate                                   isrt.obl(scrlist.obs)
210  ISRT._ListCurrentString                            isrt.obl(scrlist.obs)
211  ISRT._ListDeleteItem                               isrt.obl(scrlist.obs)
212  ISRT._ListDeleteString                             isrt.obl(scrlist.obs)
213  ISRT._ListDestroy                                  isrt.obl(scrlist.obs)
214  ISRT._ListFindString                               isrt.obl(scrlist.obs)
215  ISRT._ListGetFirstItem                             isrt.obl(scrlist.obs)
216  ISRT._ListGetFirstString                           isrt.obl(scrlist.obs)
217  ISRT._ListGetNextItem                              isrt.obl(scrlist.obs)
218  ISRT._ListGetNextString                            isrt.obl(scrlist.obs)
219  ISRT._ListGetType                                  isrt.obl(scrlist.obs)
220  ISRT._ListSetIndex                                 isrt.obl(scrlist.obs)
221  ISRT._MediaGetInfo                                 isrt.obl(Feature.obs)
222  ISRT._OnUninstPriv                                 Setup.obs
223  ISRT._OpenFile                                     isrt.obl(Files.obs)
224  ISRT._Preprogram                                   Setup.obs
225  ISRT._Rebooted                                     Setup.obs
226  ISRT._RegCreateKey                                 isrt.obl(Registry.obs)
227  ISRT._RegDeleteValue                               isrt.obl(Registry.obs)
228  ISRT._RegEnableTextSubs                            isrt.obl(Enable.obs)
229  ISRT._RegGetOptions                                isrt.obl(SysVars.obs)
230  ISRT._RegIsRemoteRegConnected                      isrt.obl(Is.obs)
231  ISRT._RegQueryKeyBinaryValue                       isrt.obl(Registry.obs)
232  ISRT._RegQueryKeyValue                             isrt.obl(Registry.obs)
233  ISRT._RegSetKeyBinaryValue                         isrt.obl(Registry.obs)
234  ISRT._RegSetKeyValue                               isrt.obl(Registry.obs)
235  ISRT._RegSetOptions                                isrt.obl(SysVars.obs)
236  ISRT._ReleaseDialog                                isrt.obl(CustomDialog.obs)
237  ISRT._SetAltMainImage                              isrt.obl(Dialogs.obs)
238  ISRT._SetDisplayEffect                             isrt.obl(ui.obs)
239  ISRT._SetPaletteFile                               isrt.obl(MIO.obs)
240  ISRT._SetSilentSdShowMsg                           isrt.obl(Enable.obs)
241  ISRT._SetTitle                                     isrt.obl(ui.obs)
242  ISRT._SetupInet                                    isrt.obl(MIO.obs)
243  ISRT._SetupTraceWrite                              isrt.obl(Misc.obs)
244  ISRT._ShowObjWizardPages                           isrt.obl(Objects.obs)
245  ISRT._ShowWizardPages                              Setup.obs
246  ISRT._StatusUpdate                                 isrt.obl(ui.obs)
247  ISRT._TreeViewCreate                               isrt.obl(CmptView.obs)
248  ISRT._WaitOnDialog                                 isrt.obl(CustomDialog.obs)
249  ISRT._WriteLine                                    isrt.obl(Files.obs)
250  ISRT.__CreateObjectContext                         isrt.obl(ISRTInit.obs)
251  ISRT.__GetCmdLineOptions                           isrt.obl(ISRTInit.obs)
252  ISRT.__GetContextGUID                              isrt.obl(ISRTInit.obs)
253  ISRT.__GetEnabledIServices                         isrt.obl(SysVars.obs)
254  ISRT.__GetFileRegistrar                            isrt.obl(ISRTInit.obs)
255  ISRT.__GetInfo                                     isrt.obl(ISRTInit.obs)
256  ISRT.__GetInstallGuid                              isrt.obl(SysVars.obs)
257  ISRT.__GetLog                                      isrt.obl(SysVars.obs)
258  ISRT.__GetLogDB                                    isrt.obl(ISRTInit.obs)
259  ISRT.__GetLogEx                                    isrt.obl(SysVars.obs)
260  ISRT.__GetMainWindow                               Setup.obs
261  ISRT.__GetMaintOption                              isrt.obl(SysVars.obs)
262  ISRT.__GetMaintenanceMode                          isrt.obl(SysVars.obs)
263  ISRT.__GetObjects                                  isrt.obl(ISRTInit.obs)
264  ISRT.__GetProductGuid                              isrt.obl(SysVars.obs)
265  ISRT.__GetProgress                                 Setup.obs
266  ISRT.__GetReboot                                   isrt.obl(ISRTInit.obs)
267  ISRT.__GetReinstallMode                            isrt.obl(SysVars.obs)
268  ISRT.__GetRemoveAllMode                            isrt.obl(SysVars.obs)
269  ISRT.__GetTextSub                                  isrt.obl(ISRTInit.obs)
270  ISRT.__GetUpdateMode                               isrt.obl(SysVars.obs)
271  ISRT.__GetUser                                     isrt.obl(MIO.obs)
272  ISRT.__ISRTGetPropertyBag                          ifx.obl(PersistPropertyBag.obs)
273  ISRT.__ISRTReleasePropertyBag                      ifx.obl(PersistPropertyBag.obs)
274  ISRT.__LoadString                                  isrt.obl(LoadStr.obs)
275  ISRT.__PutEnabledIServices                         isrt.obl(Enable.obs)
276  ISRT.__ReleaseObjectContext                        isrt.obl(ISRTInit.obs)
277  ISRT.__RestoreMainLog                              isrt.obl(ISRTInit.obs)
278  ISRT.__RestoreMainLogEx                            isrt.obl(ISRTInit.obs)
279  ISRT.__SetComponentLog                             isrt.obl(ISRTInit.obs)
280  ISRT.__SetUpdateMode                               isrt.obl(SysVars.obs)
281  ISRTHandleScriptException                          isrt.obl(Misc.obs)
282  ISRTOnUninstPriv                                   isrt.obl(Driver.obs)
283  ISRTPreprogram                                     isrt.obl(Driver.obs)
284  IfxFilterComponents                                ifx.obl(EventsSetupPriv.obs)
285  IfxFinalConstruct                                  ifx.obl(EventsSetupPriv.obs)
286  IfxFinalRelease                                    ifx.obl(EventsSetupPriv.obs)
287  IfxInitProperties                                  ifx.obl(PersistPropertyBag.obs)
288  IfxOnAbortInstall                                  ifx.obl(EventsPriv.obs)
289  IfxOnAppSearch                                     ifx.obl(EventsPriv.obs)
290  IfxOnCCPSearch                                     ifx.obl(EventsPriv.obs)
291  IfxOnCanceling                                     ifx.obl(EventsPriv.obs)
292  IfxOnDisk1Installed                                ifx.obl(EventsSetupPriv.obs)
293  IfxOnDisk1Installing                               ifx.obl(EventsSetupPriv.obs)
294  IfxOnExitInstall                                   ifx.obl(EventsSetupPriv.obs)
295  IfxOnFileError                                     ifx.obl(EventsSetupPriv.obs)
296  IfxOnFileLocked                                    ifx.obl(EventsSetupPriv.obs)
297  IfxOnFileReadOnly                                  ifx.obl(EventsSetupPriv.obs)
298  IfxOnGeneralScriptOp                               ifx.obl(EventsPriv.obs)
299  IfxOnHelp                                          ifx.obl(EventsPriv.obs)
300  IfxOnInitInstall                                   ifx.obl(EventsSetupPriv.obs)
301  IfxOnInternetError                                 ifx.obl(EventsSetupPriv.obs)
302  IfxOnMD5Error                                      ifx.obl(EventsSetupPriv.obs)
303  IfxOnNextDisk                                      ifx.obl(EventsSetupPriv.obs)
304  IfxOnRebooted                                      ifx.obl(EventsPriv.obs)
305  IfxOnRemovingSharedFile                            ifx.obl(EventsSetupPriv.obs)
306  IfxOnShowWizardPages                               ifx.obl(EventsSetupPriv.obs)
307  IfxOnTransferred                                   ifx.obl(EventsPriv.obs)
308  IfxOnTransferring                                  ifx.obl(EventsSetupPriv.obs)
309  IfxOnUnhandledException                            ifx.obl(EventsPriv.obs)
310  IfxOnUninst                                        ifx.obl(EventsSetupPriv.obs)
311  IfxOnUninstPriv                                    ifx.obl(EventsSetupPriv.obs)
312  IfxPostprogram                                     ifx.obl(EventsSetupPriv.obs)
313  IfxPreprogram                                      ifx.obl(EventsSetupPriv.obs)
314  IfxReadProperties                                  ifx.obl(PersistPropertyBag.obs)
315  IfxRunAfterReboot                                  ifx.obl(EventsSetupPriv.obs)
316  IfxWriteProperties                                 ifx.obl(PersistPropertyBag.obs)
317  InetEndofTransfer                                  isrt.obl(iftw.obs)
318  InetNextDisk                                       isrt.obl(iftw.obs)
319  InitInstall                                        isrt.obl(Driver.obs)
320  InitProperties                                     ifx.obl(PersistPropertyBag.obs)
321  Is                                                 isrt.obl(Is.obs)
322  IsInetInstall                                      isrt.obl(iftw.obs)
323  KERNEL.GetModuleHandle                             Setup.obs
324  KERNEL32.CloseHandle                               Setup.obs
325  KERNEL32.CreateFileA                               Setup.obs
326  KERNEL32.DeleteFileA                               Setup.obs
327  KERNEL32.FindClose                                 Setup.obs
328  KERNEL32.FindFirstFileA                            Setup.obs
329  KERNEL32.FindNextFileA                             Setup.obs
330  KERNEL32.FormatMessageA                            Setup.obs
331  KERNEL32.FreeLibrary                               Setup.obs
332  KERNEL32.GetCurrentDirectoryA                      Setup.obs
333  KERNEL32.GetDriveType                              Setup.obs
334  KERNEL32.GetFileAttributesA                        Setup.obs
335  KERNEL32.GetLocalTime                              Setup.obs
336  KERNEL32.GetLocaleInfo                             Setup.obs
337  KERNEL32.GetPrivateProfileString                   Setup.obs
338  KERNEL32.GetPrivateProfileStringA                  Setup.obs
339  KERNEL32.GetProcAddress                            Setup.obs
340  KERNEL32.GetProfileStringA                         Setup.obs
341  KERNEL32.GetSystemDefaultLCID                      Setup.obs
342  KERNEL32.GetSystemDefaultLangID                    Setup.obs
343  KERNEL32.GetSystemDefaultUILanguage                Setup.obs
344  KERNEL32.GetTickCount                              Setup.obs
345  KERNEL32.GetUserDefaultLangID                      Setup.obs
346  KERNEL32.GetVersion                                Setup.obs
347  KERNEL32.GetVersionEx                              Setup.obs
348  KERNEL32.GetVolumeInformation                      Setup.obs
349  KERNEL32.GetWindowsDirectory                       Setup.obs
350  KERNEL32.LoadLibraryA                              Setup.obs
351  KERNEL32.SetCurrentDirectoryA                      Setup.obs
352  KERNEL32.SetFileAttributesA                        Setup.obs
353  KERNEL32.Sleep                                     Setup.obs
354  KERNEL32.WritePrivateProfileString                 Setup.obs
355  KERNEL32.WritePrivateProfileStringA                Setup.obs
356  KERNEL32.WriteProfileStringA                       Setup.obs
357  KERNEL32.lstrlen                                   Setup.obs
358  LOBYTE                                             isrt.obl(Misc.obs)
359  LOWORD                                             isrt.obl(Misc.obs)
360  LaunchAppAndWaitInitStartupInfo                    isrt.obl(Extend.obs)
361  LaunchApplicationInit                              isrt.obl(Extend.obs)
362  ListAddItem                                        isrt.obl(scrlist.obs)
363  ListAddString                                      isrt.obl(scrlist.obs)
364  ListCount                                          isrt.obl(scrlist.obs)
365  ListCreate                                         isrt.obl(scrlist.obs)
366  ListCurrentString                                  isrt.obl(scrlist.obs)
367  ListDeleteItem                                     isrt.obl(scrlist.obs)
368  ListDeleteString                                   isrt.obl(scrlist.obs)
369  ListDestroy                                        isrt.obl(scrlist.obs)
370  ListFindString                                     isrt.obl(scrlist.obs)
371  ListGetFirstItem                                   isrt.obl(scrlist.obs)
372  ListGetFirstString                                 isrt.obl(scrlist.obs)
373  ListGetNextItem                                    isrt.obl(scrlist.obs)
374  ListGetNextString                                  isrt.obl(scrlist.obs)
375  ListGetType                                        isrt.obl(scrlist.obs)
376  ListSetIndex                                       isrt.obl(scrlist.obs)
377  ListValid                                          isrt.obl(scrlist.obs)
378  ListValidType                                      isrt.obl(scrlist.obs)
379  LoadStringFromStringTable                          isrt.obl(Str.obs)
380  LogReadCustomString                                isrt.obl(Misc.obs)
381  LogReadCustomVariant                               isrt.obl(Misc.obs)
382  LogWriteCustomString                               isrt.obl(Misc.obs)
383  LogWriteCustomVariant                              isrt.obl(Misc.obs)
384  LongPathToQuote                                    isrt.obl(Str.obs)
385  MAKELONG                                           isrt.obl(Misc.obs)
386  MIFCreateMIFFile                                   isrt.obl(MIF.obs)
387  MIFDeleteMIFFile                                   isrt.obl(MIF.obs)
388  MIFInitialize                                      isrt.obl(MIF.obs)
389  MIFSetInformation                                  isrt.obl(MIF.obs)
390  MIFUnInitialize                                    isrt.obl(MIF.obs)
391  MIFWasSetInformationCalled                         isrt.obl(MIF.obs)
392  MIOShutdown                                        isrt.obl(MIO.obs)
393  MIOStartup                                         isrt.obl(MIO.obs)
394  MaintenanceStart                                   isrt.obl(Registry.obs)
395  MediaGetData                                       isrt.obl(Feature.obs)
396  MediaGetDataEx                                     isrt.obl(Feature.obs)
397  MessageBeep                                        isrt.obl(Misc.obs)
398  MessageBox                                         isrt.obl(MsgBox.obs)
399  MessageBoxEx                                       isrt.obl(MsgBox.obs)
400  OnAbort                                            ifx.obl(EventsSetup.obs)
401  OnAppSearch                                        ifx.obl(EventsSetup.obs)
402  OnBegin                                            ifx.obl(EventsSetup.obs)
403  OnCCPSearch                                        ifx.obl(EventsSetup.obs)
404  OnCanceling                                        ifx.obl(EventsSetup.obs)
405  OnCheckMediaPassword                               ifx.obl(EventsSetup.obs)
406  OnComponentError                                   ifx.obl(EventsSetup.obs)
407  OnCustomizeUninstInfo                              ifx.obl(EventsSetup.obs)
408  OnDIFxLogCallback                                  ifx.obl(EventsSetup.obs)
409  OnDIFxLogCallbackImpl                              isrt.obl(ISDIFx.obs)
410  OnEnd                                              ifx.obl(EventsSetup.obs)
411  OnFileError                                        ifx.obl(EventsSetup.obs)
412  OnFileLocked                                       ifx.obl(EventsSetup.obs)
413  OnFileReadOnly                                     ifx.obl(EventsSetup.obs)
414  OnFilterComponents                                 ifx.obl(EventsSetup.obs)
415  OnFirstUIAfter                                     ifx.obl(EventsSetup.obs)
416  OnFirstUIBefore                                    Setup.obs
417  OnHelp                                             ifx.obl(EventsSetup.obs)
418  OnIISAppPoolUninstalling                           ifx.obl(EventsPriv.obs)
419  OnIISCheckRequirements                             ifx.obl(EventsPriv.obs)
420  OnIISComponentInstalled                            ifx.obl(EventsPriv.obs)
421  OnIISInitialize                                    ifx.obl(EventsPriv.obs)
422  OnIISUninitialize                                  ifx.obl(EventsPriv.obs)
423  OnIISVRootUninstalling                             ifx.obl(EventsPriv.obs)
424  OnIISWebServiceExtensionUninstalling               ifx.obl(EventsPriv.obs)
425  OnInstallDRMService                                isrt.obl(Activation.obs)
426  OnInstalledFile                                    ifx.obl(EventsSetup.obs)
427  OnInstalledFontFile                                ifx.obl(EventsSetup.obs)
428  OnInstallingFile                                   ifx.obl(EventsSetup.obs)
429  OnInternetError                                    ifx.obl(EventsSetup.obs)
430  OnLaunchAppAndWaitCallback                         ifx.obl(EventsSetup.obs)
431  OnMD5Error                                         ifx.obl(EventsSetup.obs)
432  OnMaintUIAfter                                     ifx.obl(EventsSetup.obs)
433  OnMaintUIBefore                                    ifx.obl(EventsSetup.obs)
434  OnMoveData                                         ifx.obl(EventsSetup.obs)
435  OnMoved                                            ifx.obl(EventsSetup.obs)
436  OnMoving                                           ifx.obl(EventsSetup.obs)
437  OnNetApiCreateUserAccount                          ifx.obl(EventsSetup.obs)
438  OnNetApiCreateUserAccountInternal                  isrt.obl(NetApiRT.obs)
439  OnNextDisk                                         ifx.obl(EventsSetup.obs)
440  OnRebooted                                         ifx.obl(EventsSetup.obs)
441  OnRemovingSharedFile                               ifx.obl(EventsSetup.obs)
442  OnSQLBatchScripts                                  ifx.obl(EventsPriv.obs)
443  OnSQLComponentInstalled                            ifx.obl(EventsPriv.obs)
444  OnSQLComponentUninstalled                          ifx.obl(EventsPriv.obs)
445  OnSQLServerInitialize                              ifx.obl(EventsPriv.obs)
446  OnSQLServerInitializeMaint                         ifx.obl(EventsPriv.obs)
447  OnSelfRegistrationError                            ifx.obl(EventsSetup.obs)
448  OnSetTARGETDIR                                     ifx.obl(EventsSetup.obs)
449  OnSetUpdateMode                                    ifx.obl(EventsSetup.obs)
450  OnShowUI                                           ifx.obl(EventsSetup.obs)
451  OnUnInstallDRMService                              isrt.obl(Activation.obs)
452  OnUnhandledException                               ifx.obl(EventsPriv.obs)
453  OnUninstall                                        ifx.obl(EventsSetup.obs)
454  OnUninstalledFile                                  ifx.obl(EventsSetup.obs)
455  OnUninstallingDIFxDriverFile                       ifx.obl(EventsSetup.obs)
456  OnUninstallingFile                                 ifx.obl(EventsSetup.obs)
457  OnUninstallingFontFile                             ifx.obl(EventsSetup.obs)
458  OnUpdateUIAfter                                    ifx.obl(EventsSetup.obs)
459  OnUpdateUIBefore                                   ifx.obl(EventsSetup.obs)
460  OnXMLComponentInstalled                            ifx.obl(EventsPriv.obs)
461  OnXMLComponentUninstalling                         ifx.obl(EventsPriv.obs)
462  OnXMLInitialize                                    ifx.obl(EventsPriv.obs)
463  OnXMLUninitialize                                  ifx.obl(EventsPriv.obs)
464  OpenFileMode                                       isrt.obl(Files.obs)
465  PCRestoreInit                                      isrt.obl(PCRestore.obs)
466  PCRestoreOnAbort                                   isrt.obl(PCRestore.obs)
467  PCRestoreOnBegin                                   isrt.obl(PCRestore.obs)
468  PCRestoreOnExit                                    isrt.obl(PCRestore.obs)
469  ParsePath                                          isrt.obl(Str.obs)
470  Postprogram                                        ifx.obl(EventsSetupPriv.obs)
471  Preprogram                                         ifx.obl(EventsSetupPriv.obs)
472  PthFixPath                                         isrt.obl(Pth.obs)
473  PthIsAbsPath                                       isrt.obl(Pth.obs)
474  ReadProperties                                     ifx.obl(PersistPropertyBag.obs)
475  Rebooted                                           isrt.obl(Driver.obs)
476  RegDBDeleteItem                                    isrt.obl(Registry.obs)
477  RegDBDeleteValue                                   isrt.obl(Registry.obs)
478  RegDBDeleteValueEx                                 isrt.obl(Registry.obs)
479  RegDBDeleteValueEx32                               isrt.obl(Registry.obs)
480  RegDBGetItem                                       isrt.obl(Registry.obs)
481  RegDBGetKeyValueEx                                 isrt.obl(Registry.obs)
482  RegDBQueryValue                                    isrt.obl(Registry.obs)
483  RegDBQueryValue32                                  isrt.obl(Registry.obs)
484  RegDBSetItem                                       isrt.obl(Registry.obs)
485  RegDBSetKeyValueEx                                 isrt.obl(Registry.obs)
486  RegDBSetValue                                      isrt.obl(Registry.obs)
487  RegDBSetValue32                                    isrt.obl(Registry.obs)
488  RegDBSetVersion                                    isrt.obl(Registry.obs)
489  RegisterFontResource                               isrt.obl(Misc.obs)
490  ReleaseDialog                                      isrt.obl(CustomDialog.obs)
491  SdCloseDlg                                         isrt.obl(SDINT.obs)
492  SdComponentDlgCheckSpace                           isrt.obl(SDINT.obs)
493  SdDlgToTop                                         isrt.obl(SDINT.obs)
494  SdDoStdButton                                      isrt.obl(SDINT.obs)
495  SdEnablement                                       isrt.obl(SDINT.obs)
496  SdError                                            isrt.obl(SDINT.obs)
497  SdExceptionsInit                                   isrt.obl(SdExceptions.obs)
498  SdFeatureTree                                      isrt.obl(SdComponentTreeDlg.obs)
499  SdFinish                                           isrt.obl(SdFinishDlg.obs)
500  SdFinishReboot                                     isrt.obl(SdFinishRebootDlg.obs)
501  SdFinishUpdateEx                                   isrt.obl(SdFinishUpdate.obs)
502  SdGeneralInit                                      isrt.obl(SDINT.obs)
503  SdInit                                             isrt.obl(SDINT.obs)
504  SdIsStdButton                                      isrt.obl(SDINT.obs)
505  SdLoadString                                       isrt.obl(SDINT.obs)
506  SdMakeName                                         isrt.obl(SDINT.obs)
507  SdPlugInProductName                                isrt.obl(SDINT.obs)
508  SdSetDlgTitle                                      isrt.obl(SDINT.obs)
509  SdSetStatic                                        isrt.obl(SDINT.obs)
510  SdStartCopy2                                       isrt.obl(SdStartCopy2Dlg.obs)
511  SdSubstituteProductInfo                            isrt.obl(SDINT.obs)
512  SdUnInit                                           isrt.obl(SDINT.obs)
513  SdWelcome                                          isrt.obl(SdWelcomeDlg.obs)
514  SdWelcomeMaint                                     isrt.obl(SdWelcomeMaintDlg.obs)
515  SelectDir                                          isrt.obl(SelectDir.obs)
516  SelectDirNoLog                                     isrt.obl(SelectDir.obs)
517  SendMessage                                        isrt.obl(Misc.obs)
518  ServiceInitParams                                  isrt.obl(Service.obs)
519  SetCmdLine                                         isrt.obl(SysVars.obs)
520  SetDialogTitle                                     isrt.obl(Dialogs.obs)
521  SetDisplayEffect                                   isrt.obl(ui.obs)
522  SetExtendedErrInfo                                 isrt.obl(IsUtil.obs)
523  SetStatus                                          ifx.obl(EventsSetupPriv.obs)
524  SetStatusEx                                        ifx.obl(EventsSetupPriv.obs)
525  SetStatusExStaticText                              isrt.obl(ui.obs)
526  SetStatusWindow                                    isrt.obl(ui.obs)
527  SetTitle                                           isrt.obl(ui.obs)
528  SetupTraceWrite                                    isrt.obl(Misc.obs)
529  ShowObjWizardPages                                 isrt.obl(Objects.obs)
530  ShowWizardPages                                    isrt.obl(Driver.obs)
531  SilentCreateFile                                   isrt.obl(Silent.obs)
532  SilentDoGeneralInfo                                isrt.obl(Silent.obs)
533  SilentFailed                                       isrt.obl(Silent.obs)
534  SilentFinish                                       isrt.obl(Silent.obs)
535  SilentInit                                         isrt.obl(Silent.obs)
536  SilentLogWriteData                                 isrt.obl(Silent.obs)
537  SilentReadData                                     isrt.obl(Silent.obs)
538  SilentSetInfo                                      isrt.obl(Silent.obs)
539  SilentSetMode                                      isrt.obl(Silent.obs)
540  SilentWriteData                                    isrt.obl(Silent.obs)
541  Sprintf                                            isrt.obl(Str.obs)
542  SprintfBox                                         isrt.obl(MsgBox.obs)
543  StatusUpdate                                       isrt.obl(ui.obs)
544  StrAddLastSlash                                    isrt.obl(Str.obs)
545  StrFindEx                                          isrt.obl(Str.obs)
546  StrGetTokens                                       isrt.obl(Str.obs)
547  StrLength                                          isrt.obl(Str.obs)
548  StrRemoveLastSlash                                 isrt.obl(Str.obs)
549  StrRemoveSpaces                                    isrt.obl(Str.obs)
550  StrReplace                                         isrt.obl(Str.obs)
551  StrToNumHex                                        isrt.obl(Str.obs)
552  StrToUpper                                         isrt.obl(Str.obs)
553  SysVarsInit                                        isrt.obl(SysVars.obs)
554  SysVarsTrace                                       isrt.obl(SysVars.obs)
555  SysVarsUnInit                                      isrt.obl(SysVars.obs)
556  System                                             isrt.obl(Misc.obs)
557  TextSubGetValue                                    isrt.obl(TextSub.obs)
558  TextSubParseTextSub                                isrt.obl(TextSub.obs)
559  TextSubSetValue                                    isrt.obl(TextSub.obs)
560  TextSubSubstitute                                  isrt.obl(TextSub.obs)
561  TreeViewCreate                                     isrt.obl(CmptView.obs)
562  USER.EnableWindow                                  Setup.obs
563  USER.GetClassName                                  Setup.obs
564  USER.GetDC                                         Setup.obs
565  USER.GetDlgItem                                    Setup.obs
566  USER.GetFocus                                      Setup.obs
567  USER.GetWindowLong                                 Setup.obs
568  USER.IsIconic                                      Setup.obs
569  USER.IsWindow                                      Setup.obs
570  USER.IsWindowVisible                               Setup.obs
571  USER.PostMessage                                   Setup.obs
572  USER.ReleaseDC                                     Setup.obs
573  USER.SendMessageA                                  Setup.obs
574  USER.SetFocus                                      Setup.obs
575  USER.SetForegroundWindow                           Setup.obs
576  USER.SetWindowPos                                  Setup.obs
577  USER.SetWindowText                                 Setup.obs
578  USER.ShowWindow                                    Setup.obs
579  USER32.CharUpperBuffA                              Setup.obs
580  USER32.DispatchMessage                             Setup.obs
581  USER32.GetSystemMetrics                            Setup.obs
582  USER32.GetWindowText                               Setup.obs
583  USER32.GetWindowTextLength                         Setup.obs
584  USER32.MessageBoxA                                 Setup.obs
585  USER32.PeekMessageA                                Setup.obs
586  USER32.SendMessageA                                Setup.obs
587  USER32.SetWindowLong                               Setup.obs
588  USER32.SetWindowRgn                                Setup.obs
589  USER32.TranslateMessage                            Setup.obs
590  UpdateServiceCheckForUpdates                       isrt.obl(ISUpdateService.obs)
591  UpdateServiceEnableUpdateService                   isrt.obl(ISUpdateService.obs)
592  UpdateServiceOnEnabledStateChange                  isrt.obl(ISUpdateService.obs)
593  UpdateServiceRegisterAfterReboot                   isrt.obl(ISUpdateService.obs)
594  UpdateServiceRegisterProductEx                     isrt.obl(ISUpdateService.obs)
595  VarInit                                            isrt.obl(SysVars.obs)
596  VarRestore                                         isrt.obl(SysVars.obs)
597  VarRestoreISRT                                     isrt.obl(SysVars.obs)
598  VarSave                                            isrt.obl(SysVars.obs)
599  VarSaveISRT                                        isrt.obl(SysVars.obs)
600  VerProductCompareVersions                          isrt.obl(version.obs)
601  VerProductGetInstalledVersion                      isrt.obl(version.obs)
602  VerProductIsVersionSupported                       isrt.obl(version.obs)
603  VerProductNumToStr                                 isrt.obl(version.obs)
604  VerProductStrToNum                                 isrt.obl(version.obs)
605  VerProductVerFromVerParts                          isrt.obl(version.obs)
606  VerProductVerPartsFromVer                          isrt.obl(version.obs)
607  WaitOnDialog                                       isrt.obl(CustomDialog.obs)
608  WizardDirection                                    ifx.obl(EventsSetupPriv.obs)
609  WriteLine                                          isrt.obl(Files.obs)
610  WriteProfInt                                       isrt.obl(Profile.obs)
611  WriteProfString                                    isrt.obl(Profile.obs)
612  WriteProperties                                    ifx.obl(PersistPropertyBag.obs)
613  __ISRTDoExit                                       isrt.obl(Misc.obs)
614  __ISRTInit                                         isrt.obl(ISRTInit.obs)
615  __ISRTRestoreMainLog                               isrt.obl(ISRTInit.obs)
616  __ISRTRestoreMainLogEx                             isrt.obl(ISRTInit.obs)
617  __ISRTSetComponentLog                              isrt.obl(ISRTInit.obs)
618  __ISRTUnInit                                       isrt.obl(ISRTInit.obs)
619  __LoadIScriptString                                isrt.obl(LoadStr.obs)
620  program                                            ifx.obl(EventsSetupPriv.obs)
621  sfc.SRSetRestorePoint                              Setup.obs


***** External Variables *****
1    ADDREMOVE                                          isrt.obl(DebugSymbols.obs)
2    ADDREMOVE_COMBINEDBUTTON                           Setup.obs
3    ADDREMOVE_HIDECHANGEOPTION                         Setup.obs
4    ADDREMOVE_HIDEREMOVEOPTION                         Setup.obs
5    ADDREMOVE_HIDEREPAIROPTION                         Setup.obs
6    ADDREMOVE_STRING_REMOVEONLY                        Setup.obs
7    ADDREMOVE_SYSTEMCOMPONENT                          Setup.obs
8    ADMINUSER                                          Setup.obs
9    ALLUSERS                                           Setup.obs
10   BASICMSI                                           isrt.obl(DebugSymbols.obs)
11   BATCH_INSTALL                                      Setup.obs
12   CMDLINE                                            isrt.obl(DebugSymbols.obs)
13   COMMONFILES                                        isrt.obl(DebugSymbols.obs)
14   COMMONFILES64                                      isrt.obl(DebugSymbols.obs)
15   DISABLE_ALLUSERBTN                                 Setup.obs
16   DISABLE_PERUSERBTN                                 Setup.obs
17   DISK1SETUPEXENAME                                  isrt.obl(DebugSymbols.obs)
18   DISK1TARGET                                        Setup.obs
19   ENABLED_ISERVICES                                  isrt.obl(DebugSymbols.obs)
20   ENGINECOMMONDIR                                    isrt.obl(DebugSymbols.obs)
21   ENGINEDIR                                          isrt.obl(DebugSymbols.obs)
22   ERRORFILENAME                                      Setup.obs
23   Err                                                Setup.obs
24   FILETIME                                           Setup.obs
25   FIND_DATA                                          Setup.obs
26   FOLDER_APPDATA                                     isrt.obl(DebugSymbols.obs)
27   FOLDER_COMMON_APPDATA                              isrt.obl(DebugSymbols.obs)
28   FOLDER_DESKTOP                                     isrt.obl(DebugSymbols.obs)
29   FOLDER_DOTNET_10                                   isrt.obl(DebugSymbols.obs)
30   FOLDER_DOTNET_11                                   isrt.obl(DebugSymbols.obs)
31   FOLDER_DOTNET_20                                   isrt.obl(DebugSymbols.obs)
32   FOLDER_DOTNET_30                                   isrt.obl(DebugSymbols.obs)
33   FOLDER_FONTS                                       isrt.obl(DebugSymbols.obs)
34   FOLDER_LOCAL_APPDATA                               isrt.obl(DebugSymbols.obs)
35   FOLDER_PERSONAL                                    isrt.obl(DebugSymbols.obs)
36   FOLDER_PROGRAMS                                    isrt.obl(DebugSymbols.obs)
37   FOLDER_STARTMENU                                   isrt.obl(DebugSymbols.obs)
38   FOLDER_STARTUP                                     isrt.obl(DebugSymbols.obs)
39   FOLDER_TEMP                                        isrt.obl(DebugSymbols.obs)
40   FileRegistrar                                      Setup.obs
41   HKEYCURRENTROOTKEY                                 Setup.obs
42   IFX_COMPANY_NAME                                   Setup.obs
43   IFX_DISK1INSTALLED                                 Setup.obs
44   IFX_INITIALIZED                                    Setup.obs
45   IFX_INSTALLED_DISPLAY_VERSION                      Setup.obs
46   IFX_INSTALLED_VERSION                              Setup.obs
47   IFX_KEYPATH_PRODUCT_INFO                           Setup.obs
48   IFX_MULTI_INSTANCE_SUFFIX                          Setup.obs
49   IFX_PRODUCT_COMMENTS                               Setup.obs
50   IFX_PRODUCT_DISPLAY_NAME                           Setup.obs
51   IFX_PRODUCT_DISPLAY_VERSION                        Setup.obs
52   IFX_PRODUCT_ICON                                   Setup.obs
53   IFX_PRODUCT_KEY                                    Setup.obs
54   IFX_PRODUCT_NAME                                   Setup.obs
55   IFX_PRODUCT_README                                 Setup.obs
56   IFX_PRODUCT_REGISTEREDCOMPANY                      Setup.obs
57   IFX_PRODUCT_REGISTEREDOWNER                        Setup.obs
58   IFX_PRODUCT_REGISTEREDSERIALNUM                    Setup.obs
59   IFX_PRODUCT_SUPPORT_CONTACT                        Setup.obs
60   IFX_PRODUCT_SUPPORT_PHONE                          Setup.obs
61   IFX_PRODUCT_SUPPORT_URL                            Setup.obs
62   IFX_PRODUCT_UPDATE_URL                             Setup.obs
63   IFX_PRODUCT_URL                                    Setup.obs
64   IFX_PRODUCT_VERSION                                Setup.obs
65   IFX_SETUP_TITLE                                    Setup.obs
66   IFX_SUPPORTED_VERSIONS                             Setup.obs
67   IISROOTFOLDER                                      isrt.obl(DebugSymbols.obs)
68   INSTALLSCRIPTMSI                                   isrt.obl(DebugSymbols.obs)
69   INSTANCE_GUID                                      isrt.obl(DebugSymbols.obs)
70   ISDIFXAPPID                                        Setup.obs
71   ISRES                                              isrt.obl(DebugSymbols.obs)
72   ISUSER                                             isrt.obl(DebugSymbols.obs)
73   ISUTIL_FUNCTION_ACTUAL_ERROR                       Setup.obs
74   ISUTIL_LINE_NUMBER                                 Setup.obs
75   ISUTIL_SCRIPT_FILE                                 Setup.obs
76   ISVERSION                                          isrt.obl(DebugSymbols.obs)
77   InetSRCDIR                                         Setup.obs
78   LAAW_PARAMETERS                                    Setup.obs
79   LAAW_SHELLEXECUTEINFO                              Setup.obs
80   LAAW_SHELLEXECUTEVERB                              Setup.obs
81   LAAW_STARTUPINFO                                   Setup.obs
82   LAST_RESULT                                        Setup.obs
83   LogDB                                              Setup.obs
84   MAINTENANCE                                        isrt.obl(DebugSymbols.obs)
85   MAINT_OPTION                                       isrt.obl(DebugSymbols.obs)
86   MEDIA                                              Setup.obs
87   MEDIA_INFO                                         isrt.obl(Feature.obs)
88   MODE                                               Setup.obs
89   MSG                                                Setup.obs
90   MULTI_INSTANCE_COUNT                               isrt.obl(DebugSymbols.obs)
91   MainWindow                                         Setup.obs
92   NOTHING                                            Setup.obs
93   OSINFO_PLATFORM_INFO                               Setup.obs
94   OSINFO_PROCESSOR_INFO                              Setup.obs
95   OSVERSIONINFO                                      Setup.obs
96   OSVERSIONINFOEX                                    Setup.obs
97   Objects                                            Setup.obs
98   PACKAGE_LOCATION                                   isrt.obl(DebugSymbols.obs)
99   POINT                                              Setup.obs
100  PRIVILEGED                                         Setup.obs
101  PRODUCT_GUID                                       isrt.obl(DebugSymbols.obs)
102  PROGRAMFILES                                       isrt.obl(DebugSymbols.obs)
103  PROGRAMFILES64                                     isrt.obl(DebugSymbols.obs)
104  RECT                                               Setup.obs
105  REGDB_OPTIONS                                      Setup.obs
106  REINSTALLMODE                                      isrt.obl(DebugSymbols.obs)
107  REMOVEALLMODE                                      isrt.obl(DebugSymbols.obs)
108  REMOVEONLY                                         isrt.obl(DebugSymbols.obs)
109  RUN_ONCE_PROGRAM                                   isrt.obl(DebugSymbols.obs)
110  Reboot                                             Setup.obs
111  SELECTED_LANGUAGE                                  isrt.obl(DebugSymbols.obs)
112  SERVICE_IS_PARAMS                                  Setup.obs
113  SETUPTYPE_STR_COMPACT                              Setup.obs
114  SETUPTYPE_STR_COMPLETE                             Setup.obs
115  SETUPTYPE_STR_CUSTOM                               Setup.obs
116  SETUPTYPE_STR_TYPICAL                              Setup.obs
117  SHELLEXECUTEINFO                                   Setup.obs
118  SHELL_OBJECT_FOLDER                                Setup.obs
119  SHOW_PASSWORD_DIALOG                               isrt.obl(DebugSymbols.obs)
120  SRCDIR                                             Setup.obs
121  SRCDISK                                            isrt.obl(DebugSymbols.obs)
122  STARTUPINFO                                        Setup.obs
123  SUPPORTDIR                                         isrt.obl(DebugSymbols.obs)
124  SYSTEMTIME                                         Setup.obs
125  SetupInfo                                          Setup.obs
126  StatusDlg                                          Setup.obs
127  TARGETDIR                                          Setup.obs
128  TARGETDISK                                         isrt.obl(DebugSymbols.obs)
129  TextSub                                            Setup.obs
130  UNINST                                             Setup.obs
131  UNINSTALLKEY                                       Setup.obs
132  UNINSTALL_DISPLAYNAME                              Setup.obs
133  UNINSTALL_STRING                                   Setup.obs
134  UPDATEMODE                                         Setup.obs
135  WINDIR                                             isrt.obl(DebugSymbols.obs)
136  WINDISK                                            isrt.obl(DebugSymbols.obs)
137  WINSYSDIR                                          isrt.obl(DebugSymbols.obs)
138  WINSYSDIR64                                        isrt.obl(DebugSymbols.obs)
139  WINSYSDISK                                         isrt.obl(DebugSymbols.obs)
140  _FONTFILEINFO                                      Setup.obs
141  _INT64                                             Setup.obs
142  _ISDIFXINSTALLERINFO                               isrt.obl(ISDIFx.obs)
143  _LAAW_PARAMETERS                                   Setup.obs
144  _RESTOREINFO_                                      Setup.obs
145  _RESTOREPTINFO                                     Setup.obs
146  _SERVICE_IS_PARAMS                                 Setup.obs
147  _SMGRSTATUS                                        Setup.obs
148  _SMGSTATUS_                                        Setup.obs
149  _WIN9X                                             Setup.obs
150  _WINNT                                             Setup.obs
151  __SYSTEMINFORMATION                                Setup.obs
152  __SYSTEMPROCESSORINFORMATION                       Setup.obs
153  __hContext                                         isrt.obl(Activation.obs)
154  __objGlobalTextSub                                 Setup.obs
155  __szGUID                                           isrt.obl(ISRTInit.obs)
156  bBackButton                                        Setup.obs
157  bCancelButton                                      Setup.obs
158  bEnterDiskBeep                                     isrt.obl(AskDestPathDlg.obs)
159  bFinishButton                                      Setup.obs
160  bIFXLFNoToAll                                      Setup.obs
161  bIFXLFOnRebootToAll                                Setup.obs
162  bIFXLFYesToAll                                     Setup.obs
163  bIFXMD5IgnoreToAll                                 Setup.obs
164  bIFXRONoToAll                                      Setup.obs
165  bIFXROYesToAll                                     Setup.obs
166  bIFXSFNoToAll                                      Setup.obs
167  bIFXSFYesToAll                                     Setup.obs
168  bIfxPCHInitialized                                 Setup.obs
169  bIfxPCHOn                                          Setup.obs
170  bInstall16                                         Setup.obs
171  bNextButton                                        Setup.obs
172  bSdInit                                            Setup.obs
173  bViewCmptKunits                                    Setup.obs
174  bViewCmptUseDecimal                                Setup.obs
175  g_bSuppressMissingStringWarning                    isrt.obl(Enable.obs)
176  nIfxPCHType                                        Setup.obs
177  szAppKey                                           Setup.obs
178  szSdProduct                                        Setup.obs
179  szSdStr_NotEnoughSpace                             Setup.obs
